
> map-app@1.0.0 build
> vite build

[36mvite v7.3.1 [32mbuilding client environment for production...[36m[39m
transforming...
[32mΓ£ô[39m 280 modules transformed.
node.exe : 
[31mΓ£ù[39m Build 
failed in 3.98s
At line:1 char:1
+ & "C:\Program Files\
nodejs/node.exe" 
"C:\Program 
Files\nodejs/node_mo 
...
+ ~~~~~~~~~~~~~~~~~~~~
~~~~~~~~~~~~~~~~~~~~~~
~~~~~~~~~~~~~~~~~~~~~~
~~~~~
    + CategoryInfo    
          : NotSpeci  
  fied: ([31mΓ£ù[   
 39m Build failed     
in 3.98s:String)     
[], RemoteExcepti    
on
    + FullyQualifiedE 
   rrorId : NativeCo  
  mmandError
 
[31merror during 
build:
[31m[vite]: Rollup 
failed to resolve 
import "react-is" 
from "D:/dataset_Andhr
a/map-app/node_modules
/recharts/es6/util/Rea
ctUtils.js".
This is most likely 
unintended because it 
can break your 
application at 
runtime.
If you do want to 
externalize this 
module explicitly add 
it to
`build.rollupOptions.e
xternal`[31m
    at viteLog (file:/
//D:/dataset_Andhra/ma
p-app/node_modules/vit
e/dist/node/chunks/con
fig.js:33635:57)
    at file:///D:/data
set_Andhra/map-app/nod
e_modules/vite/dist/no
de/chunks/config.js:33
669:73
    at onwarn (file://
/D:/dataset_Andhra/map
-app/node_modules/@vit
ejs/plugin-react/dist/
index.js:76:7)
    at file:///D:/data
set_Andhra/map-app/nod
e_modules/vite/dist/no
de/chunks/config.js:33
669:28
    at onRollupLog (fi
le:///D:/dataset_Andhr
a/map-app/node_modules
/vite/dist/node/chunks
/config.js:33664:63)
    at onLog (file:///
D:/dataset_Andhra/map-
app/node_modules/vite/
dist/node/chunks/confi
g.js:33467:4)
    at file:///D:/data
set_Andhra/map-app/nod
e_modules/rollup/dist/
es/shared/node-entry.j
s:20981:32
    at Object.logger 
[as onLog] (file:///D:
/dataset_Andhra/map-ap
p/node_modules/rollup/
dist/es/shared/node-en
try.js:22968:9)
    at ModuleLoader.ha
ndleInvalidResolvedId 
(file:///D:/dataset_An
dhra/map-app/node_modu
les/rollup/dist/es/sha
red/node-entry.js:2171
2:26)
    at file:///D:/data
set_Andhra/map-app/nod
e_modules/rollup/dist/
es/shared/node-entry.j
s:21670:26[39m
